
> react-kavia@0.1.0 start
> cross-env EDIT_MODE=true webpack serve --config .ve/webpack.config.js --mode development

<i> [webpack-dev-server] Project is running at:
<i> [webpack-dev-server] Loopback: http://localhost:3000/, http://[::1]:3000/
<i> [webpack-dev-server] On Your Network (IPv4): http://172.17.0.2:3000/
<i> [webpack-dev-server] Content not from webpack is served from './public' directory
Injecting EditorRootWrapper import: ../.ve/EditorRootWrapper
asset bundle.js 1.45 MiB [emitted] (name: main)
asset index.html 1.98 KiB [emitted]
runtime modules 27.5 KiB 14 modules
modules by path ./node_modules/ 1.24 MiB 31 modules
modules by path ./src/ 54.8 KiB
  modules by path ./src/*.css 10.8 KiB 4 modules
  modules by path ./src/components/*.js 33.8 KiB 4 modules
  modules by path ./src/*.js 6.73 KiB 2 modules
  ./src/utils/suggestionEngine.js 3.51 KiB [built] [code generated]
modules by path ./.ve/ 15.1 KiB
  modules by path ./.ve/*.js 10.6 KiB 2 modules
  modules by path ./.ve/*.css 2.93 KiB
    ./.ve/EditorOverlay.css 2.25 KiB [built] [code generated]
    ./node_modules/css-loader/dist/cjs.js!./.ve/EditorOverlay.css 697 bytes [built] [code generated]
  ./.ve/EditorOverlay.jsx 1.58 KiB [built] [code generated]
webpack 5.99.9 compiled successfully in 1428 ms
assets by status 1.98 KiB [cached] 1 asset
assets by path *.js 1.46 MiB
  asset bundle.js 1.45 MiB [emitted] (name: main)
  asset main.f964feea111c6c333aee.hot-update.js 9.71 KiB [emitted] [immutable] [hmr] (name: main)
asset main.f964feea111c6c333aee.hot-update.json 28 bytes [emitted] [immutable] [hmr]
Entrypoint main 1.46 MiB = bundle.js 1.45 MiB main.f964feea111c6c333aee.hot-update.js 9.71 KiB
cached modules 1.3 MiB [cached] 46 modules
runtime modules 27.5 KiB 14 modules
./src/components/UserProfile.js 6.4 KiB [built] [code generated]
webpack 5.99.9 compiled successfully in 51 ms
assets by status 1.98 KiB [cached] 1 asset
assets by path *.js 1.46 MiB
  asset bundle.js 1.45 MiB [emitted] (name: main)
  asset main.d50e8dd06d99ed18275a.hot-update.js 11.5 KiB [emitted] [immutable] [hmr] (name: main)
asset main.d50e8dd06d99ed18275a.hot-update.json 28 bytes [emitted] [immutable] [hmr]
Entrypoint main 1.46 MiB = bundle.js 1.45 MiB main.d50e8dd06d99ed18275a.hot-update.js 11.5 KiB
cached modules 1.3 MiB [cached] 46 modules
runtime modules 27.5 KiB 14 modules
./src/components/ProjectSuggestions.js 7.99 KiB [built] [code generated]
webpack 5.99.9 compiled successfully in 52 ms
